2026-08-27T23:13:03.613Z  INFO 1 --- [counterparty-service] [main] o.e.c.CounterpartyServiceApplication     : Starting CounterpartyServiceApplication v1.0.0 using Java 17.0.20 with PID 1 (/app/app.jar started by root in /app)
2026-08-27T23:13:03.632Z  INFO 1 --- [counterparty-service] [main] o.e.c.CounterpartyServiceApplication     : No active profile set, falling back to 1 default profile: "default"
2026-08-27T23:13:06.439Z  INFO 1 --- [counterparty-service] [main] .s.d.r.c.RepositoryConfigurationDelegate : Bootstrapping Spring Data JPA repositories in DEFAULT mode.
2026-08-27T23:13:06.624Z  INFO 1 --- [counterparty-service] [main] .s.d.r.c.RepositoryConfigurationDelegate : Finished Spring Data repository scanning in 152 ms. Found 1 JPA repository interface.
2026-08-27T23:13:08.231Z  INFO 1 --- [counterparty-service] [main] o.s.boot.tomcat.TomcatWebServer          : Tomcat initialized with port 8888 (http)
2026-08-27T23:13:08.278Z  INFO 1 --- [counterparty-service] [main] o.apache.catalina.core.StandardService   : Starting service [Tomcat]
2026-08-27T23:13:08.280Z  INFO 1 --- [counterparty-service] [main] o.apache.catalina.core.StandardEngine    : Starting Servlet engine: [Apache Tomcat/11.0.24]
2026-08-27T23:13:08.391Z  INFO 1 --- [counterparty-service] [main] b.w.c.s.WebApplicationContextInitializer : Root WebApplicationContext: initialization completed in 4544 ms
2026-08-27T23:13:08.959Z  INFO 1 --- [counterparty-service] [main] org.hibernate.orm.jpa                    : HHH008540: Processing PersistenceUnitInfo [name: default]
2026-08-27T23:13:09.228Z  INFO 1 --- [counterparty-service] [main] org.hibernate.orm.core                   : HHH000001: Hibernate ORM core version 7.4.5.Final
2026-08-27T23:13:10.818Z  INFO 1 --- [counterparty-service] [main] o.s.o.j.p.SpringPersistenceUnitInfo      : No LoadTimeWeaver setup: ignoring JPA class transformer
2026-08-27T23:13:10.933Z  INFO 1 --- [counterparty-service] [main] com.zaxxer.hikari.HikariDataSource       : HikariPool-1 - Starting...
2026-08-27T23:13:11.355Z  INFO 1 --- [counterparty-service] [main] com.zaxxer.hikari.pool.HikariPool        : HikariPool-1 - Added connection org.postgresql.jdbc.PgConnection@4e8d9bb6
2026-08-27T23:13:11.363Z  INFO 1 --- [counterparty-service] [main] com.zaxxer.hikari.HikariDataSource       : HikariPool-1 - Start completed.
2026-08-27T23:13:11.466Z  WARN 1 --- [counterparty-service] [main] org.hibernate.orm.deprecation            : HHH90000025: PostgreSQLDialect does not need to be specified explicitly using 'hibernate.dialect' (remove the property setting and it will be selected by default)
2026-08-27T23:13:11.603Z  INFO 1 --- [counterparty-service] [main] org.hibernate.orm.connections.pooling    : HHH10001005: Database info:
	Database JDBC URL [jdbc:postgresql://counterparty-db:5432/counterparty_db]
	Database driver: PostgreSQL JDBC Driver
	Database dialect: PostgreSQLDialect
	Database version: 16.15
	Default catalog/schema: counterparty_db/public
	Autocommit mode: undefined/unknown
	Isolation level: READ_COMMITTED [default READ_COMMITTED]
	JDBC fetch size: none
	Pool: DataSourceConnectionProvider
	Minimum pool size: undefined/unknown
	Maximum pool size: undefined/unknown
2026-08-27T23:13:17.224Z  INFO 1 --- [counterparty-service] [main] org.hibernate.orm.core                   : HHH000489: No JTA platform available (set 'hibernate.transaction.jta.platform' to enable JTA platform integration)
2026-08-27T23:13:17.918Z  INFO 1 --- [counterparty-service] [main] j.LocalContainerEntityManagerFactoryBean : Initialized JPA EntityManagerFactory for persistence unit 'default'
2026-08-27T23:13:18.736Z  INFO 1 --- [counterparty-service] [main] o.s.d.j.r.query.QueryEnhancerFactories   : Hibernate is in classpath; If applicable, HQL parser will be used.
2026-08-27T23:13:19.611Z  WARN 1 --- [counterparty-service] [main] JpaBaseConfiguration$JpaWebConfiguration : spring.jpa.open-in-view is enabled by default. Therefore, database queries may be performed during view rendering. Explicitly configure spring.jpa.open-in-view to disable this warning
2026-08-27T23:13:21.977Z  INFO 1 --- [counterparty-service] [main] o.s.boot.tomcat.TomcatWebServer          : Tomcat started on port 8888 (http) with context path '/'
2026-08-27T23:13:22.008Z  INFO 1 --- [counterparty-service] [main] o.e.c.CounterpartyServiceApplication     : Started CounterpartyServiceApplication in 20.372 seconds (process running for 22.945)
2026-08-27T23:13:25.790Z  INFO 1 --- [counterparty-service] [http-nio-8888-exec-2] o.a.c.c.C.[Tomcat].[localhost].[/]       : Initializing Spring DispatcherServlet 'dispatcherServlet'
2026-08-27T23:13:25.792Z  INFO 1 --- [counterparty-service] [http-nio-8888-exec-2] o.s.web.servlet.DispatcherServlet        : Initializing Servlet 'dispatcherServlet'
2026-08-27T23:13:25.805Z  INFO 1 --- [counterparty-service] [http-nio-8888-exec-2] o.s.web.servlet.DispatcherServlet        : Completed initialization in 11 ms
2026-08-27T23:23:13.966Z  INFO 1 --- [counterparty-service] [SpringApplicationShutdownHook] o.s.boot.tomcat.GracefulShutdown         : Commencing graceful shutdown. Waiting for active requests to complete
2026-08-27T23:23:14.147Z  INFO 1 --- [counterparty-service] [tomcat-shutdown] o.s.boot.tomcat.GracefulShutdown         : Graceful shutdown complete
2026-08-27T23:23:14.237Z  INFO 1 --- [counterparty-service] [SpringApplicationShutdownHook] j.LocalContainerEntityManagerFactoryBean : Closing JPA EntityManagerFactory for persistence unit 'default'
2026-08-27T23:23:24.226Z  INFO 1 --- [counterparty-service] [main] o.e.c.CounterpartyServiceApplication     : Starting CounterpartyServiceApplication v1.0.0 using Java 17.0.20 with PID 1 (/app/app.jar started by root in /app)
2026-08-27T23:23:24.303Z  INFO 1 --- [counterparty-service] [main] o.e.c.CounterpartyServiceApplication     : No active profile set, falling back to 1 default profile: "default"
2026-08-27T23:23:31.693Z  INFO 1 --- [counterparty-service] [main] .s.d.r.c.RepositoryConfigurationDelegate : Bootstrapping Spring Data JPA repositories in DEFAULT mode.
2026-08-27T23:23:32.198Z  INFO 1 --- [counterparty-service] [main] .s.d.r.c.RepositoryConfigurationDelegate : Finished Spring Data repository scanning in 351 ms. Found 1 JPA repository interface.
2026-08-27T23:23:37.635Z  INFO 1 --- [counterparty-service] [main] o.s.boot.tomcat.TomcatWebServer          : Tomcat initialized with port 8888 (http)
2026-08-27T23:23:38.088Z  INFO 1 --- [counterparty-service] [main] o.apache.catalina.core.StandardService   : Starting service [Tomcat]
2026-08-27T23:23:38.203Z  INFO 1 --- [counterparty-service] [main] o.apache.catalina.core.StandardEngine    : Starting Servlet engine: [Apache Tomcat/11.0.24]
2026-08-27T23:23:40.714Z  INFO 1 --- [counterparty-service] [main] b.w.c.s.WebApplicationContextInitializer : Root WebApplicationContext: initialization completed in 15748 ms
2026-08-27T23:23:45.701Z  INFO 1 --- [counterparty-service] [main] org.hibernate.orm.jpa                    : HHH008540: Processing PersistenceUnitInfo [name: default]
2026-08-27T23:23:48.717Z  INFO 1 --- [counterparty-service] [main] org.hibernate.orm.core                   : HHH000001: Hibernate ORM core version 7.4.5.Final
2026-08-27T23:23:51.971Z  INFO 1 --- [counterparty-service] [main] o.s.o.j.p.SpringPersistenceUnitInfo      : No LoadTimeWeaver setup: ignoring JPA class transformer
2026-08-27T23:23:52.116Z  INFO 1 --- [counterparty-service] [main] com.zaxxer.hikari.HikariDataSource       : HikariPool-1 - Starting...
2026-08-27T23:23:52.914Z  INFO 1 --- [counterparty-service] [main] com.zaxxer.hikari.pool.HikariPool        : HikariPool-1 - Added connection org.postgresql.jdbc.PgConnection@74bdfa0b
2026-08-27T23:23:52.924Z  INFO 1 --- [counterparty-service] [main] com.zaxxer.hikari.HikariDataSource       : HikariPool-1 - Start completed.
2026-08-27T23:23:53.085Z  WARN 1 --- [counterparty-service] [main] org.hibernate.orm.deprecation            : HHH90000025: PostgreSQLDialect does not need to be specified explicitly using 'hibernate.dialect' (remove the property setting and it will be selected by default)
2026-08-27T23:23:53.283Z  INFO 1 --- [counterparty-service] [main] org.hibernate.orm.connections.pooling    : HHH10001005: Database info:
	Database JDBC URL [jdbc:postgresql://counterparty-db:5432/counterparty_db]
	Database driver: PostgreSQL JDBC Driver
	Database dialect: PostgreSQLDialect
	Database version: 16.15
	Default catalog/schema: counterparty_db/public
	Autocommit mode: undefined/unknown
	Isolation level: READ_COMMITTED [default READ_COMMITTED]
	JDBC fetch size: none
	Pool: DataSourceConnectionProvider
	Minimum pool size: undefined/unknown
	Maximum pool size: undefined/unknown
2026-08-27T23:24:01.088Z  INFO 1 --- [counterparty-service] [main] org.hibernate.orm.core                   : HHH000489: No JTA platform available (set 'hibernate.transaction.jta.platform' to enable JTA platform integration)
2026-08-27T23:24:01.506Z  INFO 1 --- [counterparty-service] [main] j.LocalContainerEntityManagerFactoryBean : Initialized JPA EntityManagerFactory for persistence unit 'default'
2026-08-27T23:24:01.861Z  INFO 1 --- [counterparty-service] [main] o.s.d.j.r.query.QueryEnhancerFactories   : Hibernate is in classpath; If applicable, HQL parser will be used.
2026-08-27T23:24:03.552Z  WARN 1 --- [counterparty-service] [main] JpaBaseConfiguration$JpaWebConfiguration : spring.jpa.open-in-view is enabled by default. Therefore, database queries may be performed during view rendering. Explicitly configure spring.jpa.open-in-view to disable this warning
2026-08-27T23:24:07.862Z  INFO 1 --- [counterparty-service] [main] o.s.boot.tomcat.TomcatWebServer          : Tomcat started on port 8888 (http) with context path '/'
2026-08-27T23:24:07.898Z  INFO 1 --- [counterparty-service] [main] o.e.c.CounterpartyServiceApplication     : Started CounterpartyServiceApplication in 46.508 seconds (process running for 49.071)
2026-08-27T23:24:10.004Z  INFO 1 --- [counterparty-service] [http-nio-8888-exec-2] o.a.c.c.C.[Tomcat].[localhost].[/]       : Initializing Spring DispatcherServlet 'dispatcherServlet'
2026-08-27T23:24:10.006Z  INFO 1 --- [counterparty-service] [http-nio-8888-exec-2] o.s.web.servlet.DispatcherServlet        : Initializing Servlet 'dispatcherServlet'
2026-08-27T23:24:10.011Z  INFO 1 --- [counterparty-service] [http-nio-8888-exec-2] o.s.web.servlet.DispatcherServlet        : Completed initialization in 4 ms
