2026-08-27T23:13:04.243Z  INFO 1 --- [fidstp2] [main] org.example.fidstp2.Fidstp2Application   : Starting Fidstp2Application v0.0.1-SNAPSHOT using Java 17.0.20 with PID 1 (/app/app.jar started by root in /app)
2026-08-27T23:13:04.249Z  INFO 1 --- [fidstp2] [main] org.example.fidstp2.Fidstp2Application   : No active profile set, falling back to 1 default profile: "default"
2026-08-27T23:13:07.937Z  INFO 1 --- [fidstp2] [main] .s.d.r.c.RepositoryConfigurationDelegate : Bootstrapping Spring Data JPA repositories in DEFAULT mode.
2026-08-27T23:13:08.199Z  INFO 1 --- [fidstp2] [main] .s.d.r.c.RepositoryConfigurationDelegate : Finished Spring Data repository scanning in 210 ms. Found 5 JPA repository interfaces.
2026-08-27T23:13:10.733Z  INFO 1 --- [fidstp2] [main] o.s.boot.tomcat.TomcatWebServer          : Tomcat initialized with port 8080 (http)
2026-08-27T23:13:10.767Z  INFO 1 --- [fidstp2] [main] o.apache.catalina.core.StandardService   : Starting service [Tomcat]
2026-08-27T23:13:10.768Z  INFO 1 --- [fidstp2] [main] o.apache.catalina.core.StandardEngine    : Starting Servlet engine: [Apache Tomcat/11.0.24]
2026-08-27T23:13:10.838Z  INFO 1 --- [fidstp2] [main] b.w.c.s.WebApplicationContextInitializer : Root WebApplicationContext: initialization completed in 6451 ms
2026-08-27T23:13:11.950Z  INFO 1 --- [fidstp2] [main] com.zaxxer.hikari.HikariDataSource       : HikariPool-1 - Starting...
2026-08-27T23:13:12.593Z  INFO 1 --- [fidstp2] [main] com.zaxxer.hikari.pool.HikariPool        : HikariPool-1 - Added connection org.postgresql.jdbc.PgConnection@16ea0f22
2026-08-27T23:13:12.599Z  INFO 1 --- [fidstp2] [main] com.zaxxer.hikari.HikariDataSource       : HikariPool-1 - Start completed.
2026-08-27T23:13:12.671Z  INFO 1 --- [fidstp2] [main] org.flywaydb.core.FlywayExecutor         : Database: jdbc:postgresql://postgres:5432/fidstp2 (PostgreSQL 16.15)
2026-08-27T23:13:12.917Z  INFO 1 --- [fidstp2] [main] o.f.core.internal.command.DbValidate     : Successfully validated 5 migrations (execution time 00:00.108s)
2026-08-27T23:13:12.967Z  INFO 1 --- [fidstp2] [main] o.f.core.internal.command.DbMigrate      : Current version of schema "public": 5
2026-08-27T23:13:12.975Z  INFO 1 --- [fidstp2] [main] o.f.core.internal.command.DbMigrate      : Schema "public" is up to date. No migration necessary.
2026-08-27T23:13:13.432Z  INFO 1 --- [fidstp2] [main] org.hibernate.orm.jpa                    : HHH008540: Processing PersistenceUnitInfo [name: default]
2026-08-27T23:13:13.784Z  INFO 1 --- [fidstp2] [main] org.hibernate.orm.core                   : HHH000001: Hibernate ORM core version 7.4.5.Final
2026-08-27T23:13:17.740Z  INFO 1 --- [fidstp2] [main] o.s.o.j.p.SpringPersistenceUnitInfo      : No LoadTimeWeaver setup: ignoring JPA class transformer
2026-08-27T23:13:18.780Z  INFO 1 --- [fidstp2] [main] org.hibernate.orm.connections.pooling    : HHH10001005: Database info:
	Database JDBC URL [jdbc:postgresql://postgres:5432/fidstp2]
	Database driver: PostgreSQL JDBC Driver
	Database dialect: PostgreSQLDialect
	Database version: 16.15
	Default catalog/schema: fidstp2/public
	Autocommit mode: undefined/unknown
	Isolation level: READ_COMMITTED [default READ_COMMITTED]
	JDBC fetch size: none
	Pool: DataSourceConnectionProvider
	Minimum pool size: undefined/unknown
	Maximum pool size: undefined/unknown
2026-08-27T23:13:24.708Z  INFO 1 --- [fidstp2] [main] org.hibernate.orm.core                   : HHH000489: No JTA platform available (set 'hibernate.transaction.jta.platform' to enable JTA platform integration)
2026-08-27T23:13:24.743Z  INFO 1 --- [fidstp2] [main] j.LocalContainerEntityManagerFactoryBean : Initialized JPA EntityManagerFactory for persistence unit 'default'
2026-08-27T23:13:29.949Z  INFO 1 --- [fidstp2] [main] o.s.d.j.r.query.QueryEnhancerFactories   : Hibernate is in classpath; If applicable, HQL parser will be used.
2026-08-27T23:13:30.801Z  WARN 1 --- [fidstp2] [main] JpaBaseConfiguration$JpaWebConfiguration : spring.jpa.open-in-view is enabled by default. Therefore, database queries may be performed during view rendering. Explicitly configure spring.jpa.open-in-view to disable this warning
2026-08-27T23:13:31.703Z  INFO 1 --- [fidstp2] [main] o.s.b.a.e.web.EndpointLinksResolver      : Exposing 3 endpoints beneath base path '/actuator'
2026-08-27T23:13:31.978Z  INFO 1 --- [fidstp2] [main] o.s.boot.tomcat.TomcatWebServer          : Tomcat started on port 8080 (http) with context path '/'
2026-08-27T23:13:32.113Z  INFO 1 --- [fidstp2] [main] o.a.kafka.common.config.AbstractConfig   : ConsumerConfig values: 
	allow.auto.create.topics = true
	auto.commit.interval.ms = 5000
	auto.offset.reset = earliest
	bootstrap.servers = [kafka:29092]
	check.crcs = true
	client.dns.lookup = use_all_dns_ips
	client.id = consumer-fidstp2-consumer-1
	client.rack = 
	config.providers = []
	connections.max.idle.ms = 540000
	default.api.timeout.ms = 60000
	enable.auto.commit = false
	enable.metrics.push = true
	exclude.internal.topics = true
	fetch.max.bytes = 52428800
	fetch.max.wait.ms = 500
	fetch.min.bytes = 1
	group.id = fidstp2-consumer
	group.instance.id = null
	group.protocol = classic
	group.remote.assignor = null
	heartbeat.interval.ms = 3000
	interceptor.classes = []
	internal.throw.on.fetch.stable.offset.unsupported = false
	isolation.level = read_uncommitted
	key.deserializer = class org.apache.kafka.common.serialization.StringDeserializer
	max.partition.fetch.bytes = 1048576
	max.poll.interval.ms = 300000
	max.poll.records = 500
	metadata.max.age.ms = 300000
	metadata.recovery.rebootstrap.trigger.ms = 300000
	metadata.recovery.strategy = rebootstrap
	metric.reporters = [org.apache.kafka.common.metrics.JmxReporter]
	metrics.num.samples = 2
	metrics.recording.level = INFO
	metrics.sample.window.ms = 30000
	partition.assignment.strategy = [class org.apache.kafka.clients.consumer.RangeAssignor, class org.apache.kafka.clients.consumer.CooperativeStickyAssignor]
	receive.buffer.bytes = 65536
	reconnect.backoff.max.ms = 1000
	reconnect.backoff.ms = 50
	request.timeout.ms = 30000
	retry.backoff.max.ms = 1000
	retry.backoff.ms = 100
	sasl.client.callback.handler.class = null
	sasl.jaas.config = null
	sasl.kerberos.kinit.cmd = /usr/bin/kinit
	sasl.kerberos.min.time.before.relogin = 60000
	sasl.kerberos.service.name = null
	sasl.kerberos.ticket.renew.jitter = 0.05
	sasl.kerberos.ticket.renew.window.factor = 0.8
	sasl.login.callback.handler.class = null
	sasl.login.class = null
	sasl.login.connect.timeout.ms = null
	sasl.login.read.timeout.ms = null
	sasl.login.refresh.buffer.seconds = 300
	sasl.login.refresh.min.period.seconds = 60
	sasl.login.refresh.window.factor = 0.8
	sasl.login.refresh.window.jitter = 0.05
	sasl.login.retry.backoff.max.ms = 10000
	sasl.login.retry.backoff.ms = 100
	sasl.mechanism = GSSAPI
	sasl.oauthbearer.assertion.algorithm = RS256
	sasl.oauthbearer.assertion.claim.aud = null
	sasl.oauthbearer.assertion.claim.exp.seconds = 300
	sasl.oauthbearer.assertion.claim.iss = null
	sasl.oauthbearer.assertion.claim.jti.include = false
	sasl.oauthbearer.assertion.claim.nbf.seconds = 60
	sasl.oauthbearer.assertion.claim.sub = null
	sasl.oauthbearer.assertion.file = null
	sasl.oauthbearer.assertion.private.key.file = null
	sasl.oauthbearer.assertion.private.key.passphrase = null
	sasl.oauthbearer.assertion.template.file = null
	sasl.oauthbearer.client.credentials.client.id = null
	sasl.oauthbearer.client.credentials.client.secret = null
	sasl.oauthbearer.clock.skew.seconds = 30
	sasl.oauthbearer.expected.audience = []
	sasl.oauthbearer.expected.issuer = null
	sasl.oauthbearer.header.urlencode = false
	sasl.oauthbearer.jwks.endpoint.refresh.ms = 3600000
	sasl.oauthbearer.jwks.endpoint.retry.backoff.max.ms = 10000
	sasl.oauthbearer.jwks.endpoint.retry.backoff.ms = 100
	sasl.oauthbearer.jwks.endpoint.url = null
	sasl.oauthbearer.jwt.retriever.class = class org.apache.kafka.common.security.oauthbearer.DefaultJwtRetriever
	sasl.oauthbearer.jwt.validator.class = class org.apache.kafka.common.security.oauthbearer.DefaultJwtValidator
	sasl.oauthbearer.scope = null
	sasl.oauthbearer.scope.claim.name = scope
	sasl.oauthbearer.sub.claim.name = sub
	sasl.oauthbearer.token.endpoint.url = null
	security.protocol = PLAINTEXT
	security.providers = null
	send.buffer.bytes = 131072
	session.timeout.ms = 45000
	share.acknowledgement.mode = implicit
	share.acquire.mode = BATCH_OPTIMIZED
	socket.connection.setup.timeout.max.ms = 30000
	socket.connection.setup.timeout.ms = 10000
	ssl.cipher.suites = []
	ssl.enabled.protocols = [TLSv1.2, TLSv1.3]
	ssl.endpoint.identification.algorithm = https
	ssl.engine.factory.class = null
	ssl.key.password = null
	ssl.keymanager.algorithm = SunX509
	ssl.keystore.certificate.chain = null
	ssl.keystore.key = null
	ssl.keystore.location = null
	ssl.keystore.password = null
	ssl.keystore.type = JKS
	ssl.protocol = TLSv1.3
	ssl.provider = null
	ssl.secure.random.implementation = null
	ssl.trustmanager.algorithm = PKIX
	ssl.truststore.certificates = null
	ssl.truststore.location = null
	ssl.truststore.password = null
	ssl.truststore.type = JKS
	value.deserializer = class org.apache.kafka.common.serialization.StringDeserializer

2026-08-27T23:13:32.198Z  INFO 1 --- [fidstp2] [main] o.a.k.c.t.i.KafkaMetricsCollector        : initializing Kafka metrics collector
2026-08-27T23:13:32.403Z  INFO 1 --- [fidstp2] [main] o.a.kafka.common.utils.AppInfoParser     : Kafka version: 4.2.1
2026-08-27T23:13:32.404Z  INFO 1 --- [fidstp2] [main] o.a.kafka.common.utils.AppInfoParser     : Kafka commitId: 92f61c44867f39dc
2026-08-27T23:13:32.404Z  INFO 1 --- [fidstp2] [main] o.a.kafka.common.utils.AppInfoParser     : Kafka startTimeMs: 1787872412401
2026-08-27T23:13:32.419Z  INFO 1 --- [fidstp2] [main] o.a.k.c.c.i.ClassicKafkaConsumer         : [Consumer clientId=consumer-fidstp2-consumer-1, groupId=fidstp2-consumer] Subscribed to topic(s): fx.option.trade.raw
2026-08-27T23:13:32.442Z  INFO 1 --- [fidstp2] [main] org.example.fidstp2.Fidstp2Application   : Started Fidstp2Application in 30.11 seconds (process running for 32.382)
2026-08-27T23:13:33.343Z  INFO 1 --- [fidstp2] [org.springframework.kafka.KafkaListenerEndpointContainer#0-0-C-1] org.apache.kafka.clients.Metadata        : [Consumer clientId=consumer-fidstp2-consumer-1, groupId=fidstp2-consumer] Cluster ID: MkU3OEVBNTcwNTJENDM2Qk
2026-08-27T23:13:33.358Z  INFO 1 --- [fidstp2] [org.springframework.kafka.KafkaListenerEndpointContainer#0-0-C-1] o.a.k.c.c.internals.ConsumerCoordinator  : [Consumer clientId=consumer-fidstp2-consumer-1, groupId=fidstp2-consumer] Discovered group coordinator kafka:29092 (id: 2147483646 rack: null isFenced: false)
2026-08-27T23:13:33.365Z  INFO 1 --- [fidstp2] [org.springframework.kafka.KafkaListenerEndpointContainer#0-0-C-1] o.a.k.c.c.internals.ConsumerCoordinator  : [Consumer clientId=consumer-fidstp2-consumer-1, groupId=fidstp2-consumer] (Re-)joining group
2026-08-27T23:13:33.415Z  INFO 1 --- [fidstp2] [org.springframework.kafka.KafkaListenerEndpointContainer#0-0-C-1] o.a.k.c.c.internals.ConsumerCoordinator  : [Consumer clientId=consumer-fidstp2-consumer-1, groupId=fidstp2-consumer] Request joining group due to: need to re-join with the given member-id: consumer-fidstp2-consumer-1-a893e2be-3497-4b47-8b49-a37742fed657
2026-08-27T23:13:33.416Z  INFO 1 --- [fidstp2] [org.springframework.kafka.KafkaListenerEndpointContainer#0-0-C-1] o.a.k.c.c.internals.ConsumerCoordinator  : [Consumer clientId=consumer-fidstp2-consumer-1, groupId=fidstp2-consumer] (Re-)joining group
2026-08-27T23:13:33.432Z  INFO 1 --- [fidstp2] [org.springframework.kafka.KafkaListenerEndpointContainer#0-0-C-1] o.a.k.c.c.internals.ConsumerCoordinator  : [Consumer clientId=consumer-fidstp2-consumer-1, groupId=fidstp2-consumer] Successfully joined group with generation Generation{generationId=14, memberId='consumer-fidstp2-consumer-1-a893e2be-3497-4b47-8b49-a37742fed657', protocol='range'}
2026-08-27T23:13:33.448Z  INFO 1 --- [fidstp2] [org.springframework.kafka.KafkaListenerEndpointContainer#0-0-C-1] o.a.k.c.c.internals.ConsumerCoordinator  : [Consumer clientId=consumer-fidstp2-consumer-1, groupId=fidstp2-consumer] Finished assignment for group at generation 14: {consumer-fidstp2-consumer-1-a893e2be-3497-4b47-8b49-a37742fed657=Assignment(partitions=[fx.option.trade.raw-0])}
2026-08-27T23:13:33.472Z  INFO 1 --- [fidstp2] [org.springframework.kafka.KafkaListenerEndpointContainer#0-0-C-1] o.a.k.c.c.internals.ConsumerCoordinator  : [Consumer clientId=consumer-fidstp2-consumer-1, groupId=fidstp2-consumer] Successfully synced group in generation Generation{generationId=14, memberId='consumer-fidstp2-consumer-1-a893e2be-3497-4b47-8b49-a37742fed657', protocol='range'}
2026-08-27T23:13:33.473Z  INFO 1 --- [fidstp2] [org.springframework.kafka.KafkaListenerEndpointContainer#0-0-C-1] o.a.k.c.c.internals.ConsumerCoordinator  : [Consumer clientId=consumer-fidstp2-consumer-1, groupId=fidstp2-consumer] Notifying assignor about the new Assignment(partitions=[fx.option.trade.raw-0])
2026-08-27T23:13:33.475Z  INFO 1 --- [fidstp2] [org.springframework.kafka.KafkaListenerEndpointContainer#0-0-C-1] k.c.c.i.ConsumerRebalanceListenerInvoker : [Consumer clientId=consumer-fidstp2-consumer-1, groupId=fidstp2-consumer] Adding newly assigned partitions: [fx.option.trade.raw-0]
2026-08-27T23:13:33.500Z  INFO 1 --- [fidstp2] [org.springframework.kafka.KafkaListenerEndpointContainer#0-0-C-1] o.a.k.c.c.internals.ConsumerUtils        : Setting offset for partition fx.option.trade.raw-0 to the committed offset FetchPosition{offset=3, offsetEpoch=Optional.empty, currentLeader=LeaderAndEpoch{leader=Optional[kafka:29092 (id: 1 rack: null isFenced: false)], epoch=0}}
2026-08-27T23:13:33.507Z  INFO 1 --- [fidstp2] [org.springframework.kafka.KafkaListenerEndpointContainer#0-0-C-1] o.s.k.l.KafkaMessageListenerContainer    : fidstp2-consumer: partitions assigned: [fx.option.trade.raw-0]
2026-08-27T23:23:16.292Z  INFO 1 --- [fidstp2] [org.springframework.kafka.KafkaListenerEndpointContainer#0-0-C-1] k.c.c.i.ConsumerRebalanceListenerInvoker : [Consumer clientId=consumer-fidstp2-consumer-1, groupId=fidstp2-consumer] Revoke previously assigned partitions [fx.option.trade.raw-0]
2026-08-27T23:23:16.328Z  INFO 1 --- [fidstp2] [org.springframework.kafka.KafkaListenerEndpointContainer#0-0-C-1] o.s.k.l.KafkaMessageListenerContainer    : fidstp2-consumer: partitions revoked: [fx.option.trade.raw-0]
2026-08-27T23:23:16.350Z  INFO 1 --- [fidstp2] [org.springframework.kafka.KafkaListenerEndpointContainer#0-0-C-1] o.a.k.c.c.internals.ConsumerCoordinator  : [Consumer clientId=consumer-fidstp2-consumer-1, groupId=fidstp2-consumer] Member consumer-fidstp2-consumer-1-a893e2be-3497-4b47-8b49-a37742fed657 sending LeaveGroup request to coordinator kafka:29092 (id: 2147483646 rack: null isFenced: false) due to the consumer unsubscribed from all topics
2026-08-27T23:23:16.381Z  INFO 1 --- [fidstp2] [org.springframework.kafka.KafkaListenerEndpointContainer#0-0-C-1] o.a.k.c.c.internals.ConsumerCoordinator  : [Consumer clientId=consumer-fidstp2-consumer-1, groupId=fidstp2-consumer] Resetting generation and member id due to: consumer pro-actively leaving the group
2026-08-27T23:23:16.385Z  INFO 1 --- [fidstp2] [org.springframework.kafka.KafkaListenerEndpointContainer#0-0-C-1] o.a.k.c.c.internals.ConsumerCoordinator  : [Consumer clientId=consumer-fidstp2-consumer-1, groupId=fidstp2-consumer] Request joining group due to: consumer pro-actively leaving the group
2026-08-27T23:23:16.386Z  INFO 1 --- [fidstp2] [org.springframework.kafka.KafkaListenerEndpointContainer#0-0-C-1] o.a.k.c.c.i.ClassicKafkaConsumer         : [Consumer clientId=consumer-fidstp2-consumer-1, groupId=fidstp2-consumer] Unsubscribed all topics or patterns and assigned partitions
2026-08-27T23:23:16.457Z  INFO 1 --- [fidstp2] [org.springframework.kafka.KafkaListenerEndpointContainer#0-0-C-1] o.a.k.c.c.internals.ConsumerCoordinator  : [Consumer clientId=consumer-fidstp2-consumer-1, groupId=fidstp2-consumer] Resetting generation and member id due to: consumer pro-actively leaving the group
2026-08-27T23:23:16.458Z  INFO 1 --- [fidstp2] [org.springframework.kafka.KafkaListenerEndpointContainer#0-0-C-1] o.a.k.c.c.internals.ConsumerCoordinator  : [Consumer clientId=consumer-fidstp2-consumer-1, groupId=fidstp2-consumer] Request joining group due to: consumer pro-actively leaving the group
2026-08-27T23:23:16.562Z  INFO 1 --- [fidstp2] [org.springframework.kafka.KafkaListenerEndpointContainer#0-0-C-1] o.apache.kafka.common.metrics.Metrics    : Metrics scheduler closed
2026-08-27T23:23:16.567Z  INFO 1 --- [fidstp2] [org.springframework.kafka.KafkaListenerEndpointContainer#0-0-C-1] o.apache.kafka.common.metrics.Metrics    : Closing reporter org.apache.kafka.common.metrics.JmxReporter
2026-08-27T23:23:16.583Z  INFO 1 --- [fidstp2] [org.springframework.kafka.KafkaListenerEndpointContainer#0-0-C-1] o.apache.kafka.common.metrics.Metrics    : Closing reporter org.apache.kafka.common.telemetry.internals.ClientTelemetryReporter
2026-08-27T23:23:16.606Z  INFO 1 --- [fidstp2] [org.springframework.kafka.KafkaListenerEndpointContainer#0-0-C-1] o.apache.kafka.common.metrics.Metrics    : Metrics reporters closed
2026-08-27T23:23:16.778Z  INFO 1 --- [fidstp2] [org.springframework.kafka.KafkaListenerEndpointContainer#0-0-C-1] o.a.kafka.common.utils.AppInfoParser     : App info kafka.consumer for consumer-fidstp2-consumer-1 unregistered
2026-08-27T23:23:16.788Z  INFO 1 --- [fidstp2] [org.springframework.kafka.KafkaListenerEndpointContainer#0-0-C-1] o.s.k.l.KafkaMessageListenerContainer    : fidstp2-consumer: Consumer stopped
2026-08-27T23:23:26.148Z  INFO 1 --- [fidstp2] [main] org.example.fidstp2.Fidstp2Application   : Starting Fidstp2Application v0.0.1-SNAPSHOT using Java 17.0.20 with PID 1 (/app/app.jar started by root in /app)
2026-08-27T23:23:26.187Z  INFO 1 --- [fidstp2] [main] org.example.fidstp2.Fidstp2Application   : No active profile set, falling back to 1 default profile: "default"
2026-08-27T23:23:35.846Z  INFO 1 --- [fidstp2] [main] .s.d.r.c.RepositoryConfigurationDelegate : Bootstrapping Spring Data JPA repositories in DEFAULT mode.
2026-08-27T23:23:37.687Z  INFO 1 --- [fidstp2] [main] .s.d.r.c.RepositoryConfigurationDelegate : Finished Spring Data repository scanning in 1408 ms. Found 5 JPA repository interfaces.
2026-08-27T23:23:51.270Z  INFO 1 --- [fidstp2] [main] o.s.boot.tomcat.TomcatWebServer          : Tomcat initialized with port 8080 (http)
2026-08-27T23:23:51.328Z  INFO 1 --- [fidstp2] [main] o.apache.catalina.core.StandardService   : Starting service [Tomcat]
2026-08-27T23:23:51.330Z  INFO 1 --- [fidstp2] [main] o.apache.catalina.core.StandardEngine    : Starting Servlet engine: [Apache Tomcat/11.0.24]
2026-08-27T23:23:51.447Z  INFO 1 --- [fidstp2] [main] b.w.c.s.WebApplicationContextInitializer : Root WebApplicationContext: initialization completed in 24101 ms
2026-08-27T23:23:52.737Z  INFO 1 --- [fidstp2] [main] com.zaxxer.hikari.HikariDataSource       : HikariPool-1 - Starting...
2026-08-27T23:23:53.120Z  INFO 1 --- [fidstp2] [main] com.zaxxer.hikari.pool.HikariPool        : HikariPool-1 - Added connection org.postgresql.jdbc.PgConnection@6133e20b
2026-08-27T23:23:53.126Z  INFO 1 --- [fidstp2] [main] com.zaxxer.hikari.HikariDataSource       : HikariPool-1 - Start completed.
2026-08-27T23:23:53.269Z  INFO 1 --- [fidstp2] [main] org.flywaydb.core.FlywayExecutor         : Database: jdbc:postgresql://postgres:5432/fidstp2 (PostgreSQL 16.15)
2026-08-27T23:23:53.807Z  INFO 1 --- [fidstp2] [main] o.f.core.internal.command.DbValidate     : Successfully validated 5 migrations (execution time 00:00.204s)
2026-08-27T23:23:53.866Z  INFO 1 --- [fidstp2] [main] o.f.core.internal.command.DbMigrate      : Current version of schema "public": 5
2026-08-27T23:23:53.904Z  INFO 1 --- [fidstp2] [main] o.f.core.internal.command.DbMigrate      : Schema "public" is up to date. No migration necessary.
2026-08-27T23:23:54.778Z  INFO 1 --- [fidstp2] [main] org.hibernate.orm.jpa                    : HHH008540: Processing PersistenceUnitInfo [name: default]
2026-08-27T23:23:55.260Z  INFO 1 --- [fidstp2] [main] org.hibernate.orm.core                   : HHH000001: Hibernate ORM core version 7.4.5.Final
2026-08-27T23:23:59.329Z  INFO 1 --- [fidstp2] [main] o.s.o.j.p.SpringPersistenceUnitInfo      : No LoadTimeWeaver setup: ignoring JPA class transformer
2026-08-27T23:24:00.539Z  INFO 1 --- [fidstp2] [main] org.hibernate.orm.connections.pooling    : HHH10001005: Database info:
	Database JDBC URL [jdbc:postgresql://postgres:5432/fidstp2]
	Database driver: PostgreSQL JDBC Driver
	Database dialect: PostgreSQLDialect
	Database version: 16.15
	Default catalog/schema: fidstp2/public
	Autocommit mode: undefined/unknown
	Isolation level: READ_COMMITTED [default READ_COMMITTED]
	JDBC fetch size: none
	Pool: DataSourceConnectionProvider
	Minimum pool size: undefined/unknown
	Maximum pool size: undefined/unknown
2026-08-27T23:24:09.622Z  INFO 1 --- [fidstp2] [main] org.hibernate.orm.core                   : HHH000489: No JTA platform available (set 'hibernate.transaction.jta.platform' to enable JTA platform integration)
2026-08-27T23:24:09.648Z  INFO 1 --- [fidstp2] [main] j.LocalContainerEntityManagerFactoryBean : Initialized JPA EntityManagerFactory for persistence unit 'default'
2026-08-27T23:24:11.953Z  INFO 1 --- [fidstp2] [main] o.s.d.j.r.query.QueryEnhancerFactories   : Hibernate is in classpath; If applicable, HQL parser will be used.
2026-08-27T23:24:12.671Z  WARN 1 --- [fidstp2] [main] JpaBaseConfiguration$JpaWebConfiguration : spring.jpa.open-in-view is enabled by default. Therefore, database queries may be performed during view rendering. Explicitly configure spring.jpa.open-in-view to disable this warning
2026-08-27T23:24:13.786Z  INFO 1 --- [fidstp2] [main] o.s.b.a.e.web.EndpointLinksResolver      : Exposing 3 endpoints beneath base path '/actuator'
2026-08-27T23:24:13.928Z  INFO 1 --- [fidstp2] [main] o.s.boot.tomcat.TomcatWebServer          : Tomcat started on port 8080 (http) with context path '/'
2026-08-27T23:24:14.031Z  INFO 1 --- [fidstp2] [main] o.a.kafka.common.config.AbstractConfig   : ConsumerConfig values: 
	allow.auto.create.topics = true
	auto.commit.interval.ms = 5000
	auto.offset.reset = earliest
	bootstrap.servers = [kafka:29092]
	check.crcs = true
	client.dns.lookup = use_all_dns_ips
	client.id = consumer-fidstp2-consumer-1
	client.rack = 
	config.providers = []
	connections.max.idle.ms = 540000
	default.api.timeout.ms = 60000
	enable.auto.commit = false
	enable.metrics.push = true
	exclude.internal.topics = true
	fetch.max.bytes = 52428800
	fetch.max.wait.ms = 500
	fetch.min.bytes = 1
	group.id = fidstp2-consumer
	group.instance.id = null
	group.protocol = classic
	group.remote.assignor = null
	heartbeat.interval.ms = 3000
	interceptor.classes = []
	internal.throw.on.fetch.stable.offset.unsupported = false
	isolation.level = read_uncommitted
	key.deserializer = class org.apache.kafka.common.serialization.StringDeserializer
	max.partition.fetch.bytes = 1048576
	max.poll.interval.ms = 300000
	max.poll.records = 500
	metadata.max.age.ms = 300000
	metadata.recovery.rebootstrap.trigger.ms = 300000
	metadata.recovery.strategy = rebootstrap
	metric.reporters = [org.apache.kafka.common.metrics.JmxReporter]
	metrics.num.samples = 2
	metrics.recording.level = INFO
	metrics.sample.window.ms = 30000
	partition.assignment.strategy = [class org.apache.kafka.clients.consumer.RangeAssignor, class org.apache.kafka.clients.consumer.CooperativeStickyAssignor]
	receive.buffer.bytes = 65536
	reconnect.backoff.max.ms = 1000
	reconnect.backoff.ms = 50
	request.timeout.ms = 30000
	retry.backoff.max.ms = 1000
	retry.backoff.ms = 100
	sasl.client.callback.handler.class = null
	sasl.jaas.config = null
	sasl.kerberos.kinit.cmd = /usr/bin/kinit
	sasl.kerberos.min.time.before.relogin = 60000
	sasl.kerberos.service.name = null
	sasl.kerberos.ticket.renew.jitter = 0.05
	sasl.kerberos.ticket.renew.window.factor = 0.8
	sasl.login.callback.handler.class = null
	sasl.login.class = null
	sasl.login.connect.timeout.ms = null
	sasl.login.read.timeout.ms = null
	sasl.login.refresh.buffer.seconds = 300
	sasl.login.refresh.min.period.seconds = 60
	sasl.login.refresh.window.factor = 0.8
	sasl.login.refresh.window.jitter = 0.05
	sasl.login.retry.backoff.max.ms = 10000
	sasl.login.retry.backoff.ms = 100
	sasl.mechanism = GSSAPI
	sasl.oauthbearer.assertion.algorithm = RS256
	sasl.oauthbearer.assertion.claim.aud = null
	sasl.oauthbearer.assertion.claim.exp.seconds = 300
	sasl.oauthbearer.assertion.claim.iss = null
	sasl.oauthbearer.assertion.claim.jti.include = false
	sasl.oauthbearer.assertion.claim.nbf.seconds = 60
	sasl.oauthbearer.assertion.claim.sub = null
	sasl.oauthbearer.assertion.file = null
	sasl.oauthbearer.assertion.private.key.file = null
	sasl.oauthbearer.assertion.private.key.passphrase = null
	sasl.oauthbearer.assertion.template.file = null
	sasl.oauthbearer.client.credentials.client.id = null
	sasl.oauthbearer.client.credentials.client.secret = null
	sasl.oauthbearer.clock.skew.seconds = 30
	sasl.oauthbearer.expected.audience = []
	sasl.oauthbearer.expected.issuer = null
	sasl.oauthbearer.header.urlencode = false
	sasl.oauthbearer.jwks.endpoint.refresh.ms = 3600000
	sasl.oauthbearer.jwks.endpoint.retry.backoff.max.ms = 10000
	sasl.oauthbearer.jwks.endpoint.retry.backoff.ms = 100
	sasl.oauthbearer.jwks.endpoint.url = null
	sasl.oauthbearer.jwt.retriever.class = class org.apache.kafka.common.security.oauthbearer.DefaultJwtRetriever
	sasl.oauthbearer.jwt.validator.class = class org.apache.kafka.common.security.oauthbearer.DefaultJwtValidator
	sasl.oauthbearer.scope = null
	sasl.oauthbearer.scope.claim.name = scope
	sasl.oauthbearer.sub.claim.name = sub
	sasl.oauthbearer.token.endpoint.url = null
	security.protocol = PLAINTEXT
	security.providers = null
	send.buffer.bytes = 131072
	session.timeout.ms = 45000
	share.acknowledgement.mode = implicit
	share.acquire.mode = BATCH_OPTIMIZED
	socket.connection.setup.timeout.max.ms = 30000
	socket.connection.setup.timeout.ms = 10000
	ssl.cipher.suites = []
	ssl.enabled.protocols = [TLSv1.2, TLSv1.3]
	ssl.endpoint.identification.algorithm = https
	ssl.engine.factory.class = null
	ssl.key.password = null
	ssl.keymanager.algorithm = SunX509
	ssl.keystore.certificate.chain = null
	ssl.keystore.key = null
	ssl.keystore.location = null
	ssl.keystore.password = null
	ssl.keystore.type = JKS
	ssl.protocol = TLSv1.3
	ssl.provider = null
	ssl.secure.random.implementation = null
	ssl.trustmanager.algorithm = PKIX
	ssl.truststore.certificates = null
	ssl.truststore.location = null
	ssl.truststore.password = null
	ssl.truststore.type = JKS
	value.deserializer = class org.apache.kafka.common.serialization.StringDeserializer

2026-08-27T23:24:14.104Z  INFO 1 --- [fidstp2] [main] o.a.k.c.t.i.KafkaMetricsCollector        : initializing Kafka metrics collector
2026-08-27T23:24:14.324Z  INFO 1 --- [fidstp2] [main] o.a.kafka.common.utils.AppInfoParser     : Kafka version: 4.2.1
2026-08-27T23:24:14.324Z  INFO 1 --- [fidstp2] [main] o.a.kafka.common.utils.AppInfoParser     : Kafka commitId: 92f61c44867f39dc
2026-08-27T23:24:14.324Z  INFO 1 --- [fidstp2] [main] o.a.kafka.common.utils.AppInfoParser     : Kafka startTimeMs: 1787873054322
2026-08-27T23:24:14.342Z  INFO 1 --- [fidstp2] [main] o.a.k.c.c.i.ClassicKafkaConsumer         : [Consumer clientId=consumer-fidstp2-consumer-1, groupId=fidstp2-consumer] Subscribed to topic(s): fx.option.trade.raw
2026-08-27T23:24:14.374Z  INFO 1 --- [fidstp2] [main] org.example.fidstp2.Fidstp2Application   : Started Fidstp2Application in 52.298 seconds (process running for 54.623)
2026-08-27T23:24:15.062Z  INFO 1 --- [fidstp2] [org.springframework.kafka.KafkaListenerEndpointContainer#0-0-C-1] org.apache.kafka.clients.Metadata        : [Consumer clientId=consumer-fidstp2-consumer-1, groupId=fidstp2-consumer] Cluster ID: MkU3OEVBNTcwNTJENDM2Qk
2026-08-27T23:24:15.093Z  INFO 1 --- [fidstp2] [org.springframework.kafka.KafkaListenerEndpointContainer#0-0-C-1] o.a.k.c.c.internals.ConsumerCoordinator  : [Consumer clientId=consumer-fidstp2-consumer-1, groupId=fidstp2-consumer] Discovered group coordinator kafka:29092 (id: 2147483646 rack: null isFenced: false)
2026-08-27T23:24:15.101Z  INFO 1 --- [fidstp2] [org.springframework.kafka.KafkaListenerEndpointContainer#0-0-C-1] o.a.k.c.c.internals.ConsumerCoordinator  : [Consumer clientId=consumer-fidstp2-consumer-1, groupId=fidstp2-consumer] (Re-)joining group
2026-08-27T23:24:15.173Z  INFO 1 --- [fidstp2] [org.springframework.kafka.KafkaListenerEndpointContainer#0-0-C-1] o.a.k.c.c.internals.ConsumerCoordinator  : [Consumer clientId=consumer-fidstp2-consumer-1, groupId=fidstp2-consumer] Request joining group due to: need to re-join with the given member-id: consumer-fidstp2-consumer-1-9db21609-978f-47f7-952d-8b58bc71f8fe
2026-08-27T23:24:15.174Z  INFO 1 --- [fidstp2] [org.springframework.kafka.KafkaListenerEndpointContainer#0-0-C-1] o.a.k.c.c.internals.ConsumerCoordinator  : [Consumer clientId=consumer-fidstp2-consumer-1, groupId=fidstp2-consumer] (Re-)joining group
2026-08-27T23:24:15.201Z  INFO 1 --- [fidstp2] [org.springframework.kafka.KafkaListenerEndpointContainer#0-0-C-1] o.a.k.c.c.internals.ConsumerCoordinator  : [Consumer clientId=consumer-fidstp2-consumer-1, groupId=fidstp2-consumer] Successfully joined group with generation Generation{generationId=16, memberId='consumer-fidstp2-consumer-1-9db21609-978f-47f7-952d-8b58bc71f8fe', protocol='range'}
2026-08-27T23:24:15.213Z  INFO 1 --- [fidstp2] [org.springframework.kafka.KafkaListenerEndpointContainer#0-0-C-1] o.a.k.c.c.internals.ConsumerCoordinator  : [Consumer clientId=consumer-fidstp2-consumer-1, groupId=fidstp2-consumer] Finished assignment for group at generation 16: {consumer-fidstp2-consumer-1-9db21609-978f-47f7-952d-8b58bc71f8fe=Assignment(partitions=[fx.option.trade.raw-0])}
2026-08-27T23:24:15.243Z  INFO 1 --- [fidstp2] [org.springframework.kafka.KafkaListenerEndpointContainer#0-0-C-1] o.a.k.c.c.internals.ConsumerCoordinator  : [Consumer clientId=consumer-fidstp2-consumer-1, groupId=fidstp2-consumer] Successfully synced group in generation Generation{generationId=16, memberId='consumer-fidstp2-consumer-1-9db21609-978f-47f7-952d-8b58bc71f8fe', protocol='range'}
2026-08-27T23:24:15.244Z  INFO 1 --- [fidstp2] [org.springframework.kafka.KafkaListenerEndpointContainer#0-0-C-1] o.a.k.c.c.internals.ConsumerCoordinator  : [Consumer clientId=consumer-fidstp2-consumer-1, groupId=fidstp2-consumer] Notifying assignor about the new Assignment(partitions=[fx.option.trade.raw-0])
2026-08-27T23:24:15.247Z  INFO 1 --- [fidstp2] [org.springframework.kafka.KafkaListenerEndpointContainer#0-0-C-1] k.c.c.i.ConsumerRebalanceListenerInvoker : [Consumer clientId=consumer-fidstp2-consumer-1, groupId=fidstp2-consumer] Adding newly assigned partitions: [fx.option.trade.raw-0]
2026-08-27T23:24:15.274Z  INFO 1 --- [fidstp2] [org.springframework.kafka.KafkaListenerEndpointContainer#0-0-C-1] o.a.k.c.c.internals.ConsumerUtils        : Setting offset for partition fx.option.trade.raw-0 to the committed offset FetchPosition{offset=3, offsetEpoch=Optional.empty, currentLeader=LeaderAndEpoch{leader=Optional[kafka:29092 (id: 1 rack: null isFenced: false)], epoch=0}}
2026-08-27T23:24:15.279Z  INFO 1 --- [fidstp2] [org.springframework.kafka.KafkaListenerEndpointContainer#0-0-C-1] o.s.k.l.KafkaMessageListenerContainer    : fidstp2-consumer: partitions assigned: [fx.option.trade.raw-0]
2026-08-27T23:45:44.309Z  INFO 1 --- [fidstp2] [org.springframework.kafka.KafkaListenerEndpointContainer#0-0-C-1] o.a.k.c.c.internals.ConsumerCoordinator  : [Consumer clientId=consumer-fidstp2-consumer-1, groupId=fidstp2-consumer] Attempt to heartbeat failed since coordinator kafka:29092 (id: 2147483646 rack: null isFenced: false) is either not started or not valid
2026-08-27T23:45:46.248Z  INFO 1 --- [fidstp2] [org.springframework.kafka.KafkaListenerEndpointContainer#0-0-C-1] o.a.k.c.c.internals.ConsumerCoordinator  : [Consumer clientId=consumer-fidstp2-consumer-1, groupId=fidstp2-consumer] Group coordinator kafka:29092 (id: 2147483646 rack: null isFenced: false) is unavailable or invalid due to cause: error response NOT_COORDINATOR. isDisconnected: false. Rediscovery will be attempted.
2026-08-27T23:45:46.268Z  INFO 1 --- [fidstp2] [org.springframework.kafka.KafkaListenerEndpointContainer#0-0-C-1] o.a.k.c.c.internals.ConsumerCoordinator  : [Consumer clientId=consumer-fidstp2-consumer-1, groupId=fidstp2-consumer] Requesting disconnect from last known coordinator kafka:29092 (id: 2147483646 rack: null isFenced: false)
2026-08-27T23:45:46.443Z  INFO 1 --- [fidstp2] [kafka-coordinator-heartbeat-thread | fidstp2-consumer] org.apache.kafka.clients.NetworkClient   : [Consumer clientId=consumer-fidstp2-consumer-1, groupId=fidstp2-consumer] Client requested disconnect from node 2147483646
2026-08-27T23:45:46.507Z  INFO 1 --- [fidstp2] [org.springframework.kafka.KafkaListenerEndpointContainer#0-0-C-1] o.a.k.c.c.internals.ConsumerCoordinator  : [Consumer clientId=consumer-fidstp2-consumer-1, groupId=fidstp2-consumer] Discovered group coordinator kafka:29092 (id: 2147483646 rack: null isFenced: false)
2026-08-27T23:45:46.913Z  INFO 1 --- [fidstp2] [org.springframework.kafka.KafkaListenerEndpointContainer#0-0-C-1] o.a.k.c.c.internals.ConsumerCoordinator  : [Consumer clientId=consumer-fidstp2-consumer-1, groupId=fidstp2-consumer] Discovered group coordinator kafka:29092 (id: 2147483646 rack: null isFenced: false)
2026-08-27T23:45:47.227Z  INFO 1 --- [fidstp2] [org.springframework.kafka.KafkaListenerEndpointContainer#0-0-C-1] o.a.k.c.c.internals.ConsumerCoordinator  : [Consumer clientId=consumer-fidstp2-consumer-1, groupId=fidstp2-consumer] Attempt to heartbeat failed since coordinator kafka:29092 (id: 2147483646 rack: null isFenced: false) is either not started or not valid
2026-08-27T23:45:47.271Z  INFO 1 --- [fidstp2] [org.springframework.kafka.KafkaListenerEndpointContainer#0-0-C-1] o.a.k.c.c.internals.ConsumerCoordinator  : [Consumer clientId=consumer-fidstp2-consumer-1, groupId=fidstp2-consumer] Group coordinator kafka:29092 (id: 2147483646 rack: null isFenced: false) is unavailable or invalid due to cause: error response NOT_COORDINATOR. isDisconnected: false. Rediscovery will be attempted.
2026-08-27T23:45:47.276Z  INFO 1 --- [fidstp2] [org.springframework.kafka.KafkaListenerEndpointContainer#0-0-C-1] o.a.k.c.c.internals.ConsumerCoordinator  : [Consumer clientId=consumer-fidstp2-consumer-1, groupId=fidstp2-consumer] Requesting disconnect from last known coordinator kafka:29092 (id: 2147483646 rack: null isFenced: false)
2026-08-27T23:45:47.281Z  INFO 1 --- [fidstp2] [org.springframework.kafka.KafkaListenerEndpointContainer#0-0-C-1] org.apache.kafka.clients.NetworkClient   : [Consumer clientId=consumer-fidstp2-consumer-1, groupId=fidstp2-consumer] Client requested disconnect from node 2147483646
2026-08-27T23:45:47.499Z  INFO 1 --- [fidstp2] [org.springframework.kafka.KafkaListenerEndpointContainer#0-0-C-1] o.a.k.c.c.internals.ConsumerCoordinator  : [Consumer clientId=consumer-fidstp2-consumer-1, groupId=fidstp2-consumer] Discovered group coordinator kafka:29092 (id: 2147483646 rack: null isFenced: false)
2026-08-27T23:45:47.563Z  INFO 1 --- [fidstp2] [org.springframework.kafka.KafkaListenerEndpointContainer#0-0-C-1] o.a.k.c.c.internals.ConsumerCoordinator  : [Consumer clientId=consumer-fidstp2-consumer-1, groupId=fidstp2-consumer] Attempt to heartbeat failed since coordinator kafka:29092 (id: 2147483646 rack: null isFenced: false) is either not started or not valid
2026-08-27T23:45:47.608Z  INFO 1 --- [fidstp2] [org.springframework.kafka.KafkaListenerEndpointContainer#0-0-C-1] o.a.k.c.c.internals.ConsumerCoordinator  : [Consumer clientId=consumer-fidstp2-consumer-1, groupId=fidstp2-consumer] Group coordinator kafka:29092 (id: 2147483646 rack: null isFenced: false) is unavailable or invalid due to cause: error response NOT_COORDINATOR. isDisconnected: false. Rediscovery will be attempted.
2026-08-27T23:45:47.618Z  INFO 1 --- [fidstp2] [org.springframework.kafka.KafkaListenerEndpointContainer#0-0-C-1] o.a.k.c.c.internals.ConsumerCoordinator  : [Consumer clientId=consumer-fidstp2-consumer-1, groupId=fidstp2-consumer] Requesting disconnect from last known coordinator kafka:29092 (id: 2147483646 rack: null isFenced: false)
2026-08-27T23:45:47.639Z  INFO 1 --- [fidstp2] [kafka-coordinator-heartbeat-thread | fidstp2-consumer] org.apache.kafka.clients.NetworkClient   : [Consumer clientId=consumer-fidstp2-consumer-1, groupId=fidstp2-consumer] Client requested disconnect from node 2147483646
2026-08-27T23:45:48.096Z  INFO 1 --- [fidstp2] [org.springframework.kafka.KafkaListenerEndpointContainer#0-0-C-1] o.a.k.c.c.internals.ConsumerCoordinator  : [Consumer clientId=consumer-fidstp2-consumer-1, groupId=fidstp2-consumer] Discovered group coordinator kafka:29092 (id: 2147483646 rack: null isFenced: false)
